header-1
header-2
header-3
header-4
header-5
entry-1
... 8 entries skipped
entry-10
entry-11
entry-12
entry-13
entry-14
entry-15
entry-16
entry-17
entry-18
entry-19
... 1 entries skipped
entry-21
... 9 entries skipped
entry-31
... 9 entries skipped
entry-41
... 9 entries skipped
entry-51
... 9 entries skipped
entry-61
... 9 entries skipped
entry-71
... 9 entries skipped
entry-81
... 9 entries skipped
entry-91
... 8 entries skipped
entry-100
footer-1
footer-2
footer-3
footer-4
footer-5
20/100 entries matched
